-- predictability
SET synchronous_commit = on;
SELECT 'init' FROM pg_create_logical_replication_slot('regression_slot', 'wal2mongo');
 ?column? 
----------
 init
(1 row)

-- succeeds, textual plugin, textual consumer
SELECT data FROM pg_logical_slot_get_changes('regression_slot', NULL, NULL, 'force_binary', '0');
 data 
------
(0 rows)

-- fails, binary plugin, textual consumer
SELECT data FROM pg_logical_slot_get_changes('regression_slot', NULL, NULL, 'force_binary', '1');
ERROR:  logical decoding output plugin "wal2mongo" produces binary output, but function "pg_logical_slot_get_changes(name,pg_lsn,integer,text[])" expects textual data
-- succeeds, textual plugin, binary consumer
SELECT data FROM pg_logical_slot_get_binary_changes('regression_slot', NULL, NULL, 'force_binary', '0');
 data 
------
(0 rows)

-- succeeds, binary plugin, binary consumer
SELECT data FROM pg_logical_slot_get_binary_changes('regression_slot', NULL, NULL, 'force_binary', '1');
 data 
------
(0 rows)

SELECT 'init' FROM pg_drop_replication_slot('regression_slot');
 ?column? 
----------
 init
(1 row)

